// Jest Snapshot v1, https://goo.gl/fbAQLP

exports[`<CatDetailsPreview /> when data is fetched should render cat details 1`] = `
<div>
  <div
    class="container"
  >
    <div
      class="horizontal withNoBreeds"
    >
      <div
        class="image"
      >
        <img
          alt="Cat"
          src="http://example.com/cat.jpg"
        />
      </div>
    </div>
  </div>
</div>
`;

exports[`<CatDetailsPreview /> when data is fetching should render loader 1`] = `
<div>
  <div
    class="loader"
  >
    <svg>
      <use
        href="function SvgIcons(props) {
  return React.createElement(
    'svg', 
    Object.assign({}, props, {'data-file-name': SvgIcons.name})
  );
}#icon-cw"
      />
    </svg>
  </div>
</div>
`;
