// Jest Snapshot v1, https://goo.gl/fbAQLP

exports[`<Layout /> should render navigation links 1`] = `
<div>
  <div
    class="navigation"
  >
    <h1>
      Cat lover
    </h1>
    <nav>
      <ul>
        <li>
          <a
            href="/cats"
          >
            Cats
          </a>
        </li>
        <li>
          <a
            href="/breeds"
          >
            Breeds
          </a>
        </li>
      </ul>
    </nav>
  </div>
</div>
`;
